TPSP_CYCLE 01
TPSP_CYCLE 01
TPSP_CYCLE 00
TPSP_CYCLE 00
TPSP_CYCLE 10
TPSP_CYCLE 00
TPSP_CYCLE 00
TPSP_CYCLE 00
TPSP_CYCLE 01
TPSP_CYCLE 01
TPSP_CYCLE 00
TPSP_CYCLE 01
TPSP_CYCLE 00
TPSP_CYCLE 00
TPSP_CYCLE 00
TPSP_CYCLE 00
TPSP_CYCLE 10
TPSP_CYCLE 10
TPSP_CYCLE 10
TPSP_CYCLE 10
TPSP_CYCLE 00
TPSP_CYCLE 10
TPSP_CYCLE 00
TPSP_CYCLE 10
TPSP_CYCLE 00
TPSP_CYCLE 10
TPSP_CYCLE 01
TPSP_CYCLE 01
TPSP_CYCLE 00
TPSP_CYCLE 01
TPSP_CYCLE 00
TPSP_CYCLE 00
TPSP_CYCLE 10
TPSP_CYCLE 00
TPSP_CYCLE 00
TPSP_CYCLE 00
TPSP_CYCLE 00
TPSP_CYCLE 00
TPSP_CYCLE 00
TPSP_CYCLE 00
TPSP_CYCLE 00
TPSP_CYCLE 00
TPSP_CYCLE 00
TPSP_CYCLE 00
TPSP_CYCLE 01
TPSP_CYCLE 01
TPSP_CYCLE 00
TPSP_CYCLE 01
TPSP_CYCLE 00
TPSP_CYCLE 00
TPSP_CYCLE 00
TPSP_CYCLE 10
TPSP_CYCLE 00
TPSP_CYCLE 00
TPSP_CYCLE 00
TPSP_CYCLE 00
TPSP_CYCLE 00
TPSP_CYCLE 00
TPSP_CYCLE 00
TPSP_CYCLE 00
TPSP_CYCLE 00
TPSP_CYCLE 00
TPSP_CYCLE 01
TPSP_CYCLE 01
TPSP_CYCLE 00
TPSP_CYCLE 01
TPSP_CYCLE 00
TPSP_CYCLE 00
TPSP_CYCLE 10
TPSP_CYCLE 10
TPSP_CYCLE 00
TPSP_CYCLE 00
TPSP_CYCLE 00
TPSP_CYCLE 00
TPSP_CYCLE 00
TPSP_CYCLE 00
TPSP_CYCLE 00
TPSP_CYCLE 00
TPSP_CYCLE 00
TPSP_CYCLE 00
TPSP_CYCLE 01
TPSP_CYCLE 01
TPSP_CYCLE 00
TPSP_CYCLE 01
TPSP_CYCLE 00
TPSP_CYCLE 00
TPSP_CYCLE 00
TPSP_CYCLE 00
TPSP_CYCLE 10
TPSP_CYCLE 00
TPSP_CYCLE 00
TPSP_CYCLE 00
TPSP_CYCLE 00
TPSP_CYCLE 00
TPSP_CYCLE 00
TPSP_CYCLE 00
TPSP_CYCLE 00
TPSP_CYCLE 00
TPSP_CYCLE 01
TPSP_CYCLE 01
TPSP_CYCLE 00
TPSP_CYCLE 01
TPSP_CYCLE 00
TPSP_CYCLE 00
TPSP_CYCLE 10
TPSP_CYCLE 00
TPSP_CYCLE 10
TPSP_CYCLE 00
TPSP_CYCLE 00
TPSP_CYCLE 00
TPSP_CYCLE 00
TPSP_CYCLE 00
TPSP_CYCLE 00
TPSP_CYCLE 00
TPSP_CYCLE 00
TPSP_CYCLE 00
TPSP_CYCLE 01
TPSP_CYCLE 01
TPSP_CYCLE 00
