Welcome to Xilinx CORE Generator.
Help system initialized.
The IP Catalog has been reloaded.
Opening project file
/rech-fmr/gratalon/ml505_lcd/lcd/vhd/pll/mast_lcd_coregen.cgp.
WARNING:coreutil:928 - Unable to find 'xilinx.com:ip:pll_v13_1:1.0' within
   repository.
Recustomize and Generate (Under Original Project Settings)INFO:sim:172 - Generating IP...
Customizing IP...
Cancelled Customization.
Recustomize and Generate (Under Current Project Settings)INFO:sim:172 - Generating IP...
Applying current project options...
Finished applying current project options.
Customizing IP...
Cancelled Customization.
Recustomize and Generate (Under Current Project Settings)INFO:sim:172 - Generating IP...
Applying current project options...
Finished applying current project options.
Customizing IP...
Cancelled Customization.
Closed project file.
