ahdlcmicompile: Compiling ahdlcmi in input.ahdlSimDB//3c9333c892e7ca8b855fbd0eadea8b27.modn_ahdl.ahdlcmi/Linux-64/ for Linux-64 with optimize using gcc on Tue Nov  4 10:30:26 CET 2025 [5.0]
ahdlcmicompile: Generating makefile
PATH:  /softslin/cdsmmsim16_10_673/bin:/softslin/cdsmmsim16_10_673/tools/bin/64bit:/softslin/cdsmmsim16_10_673/tools/bin:/softslin/cdsic618_190/bin:/softslin/cdsic618_190/tools/bin/64bit:/softslin/cdsic618_190/tools/bin:/softslin/cdsic618_190/share/oa/bin:/softslin/cdsincisiv15_20_035/tools/bin:/softslin/cdsic618_190/tools/dfII/bin:/softslin/cdsinnovus19_18_000_isr8/bin:/softslin/cdsinnovus19_18_000_isr8/tools/bin:/softslin/cdsext18_21_s210/tools/bin:/softslin/cdsassura4_1_618/tools/bin:/softslin/cdsassura4_1_618/tools/assura/bin:/softslin/cdsincisiv15_20_035/tools/bin:/softslin/cdsspectre18_10_235/tools/bin:/softslin/cdsspectre18_10_235/bin:/softslin/cdsic617_823/bin:/softslin/cdsic617_823/tools/dfII/bin:/softslin/cdsic617_823/tools/bin:/softslin/cdsinnovus17_11_000_isr1/bin:/softslin/cdsinnovus17_11_000_isr1/tools/bin:/softslin/cdsext18_21_000/tools/bin:/softslin/cdsassura4_15_111_617/tools/bin:/softslin/cdsassura4_15_111_617/tools/assura/bin:/tima/kouamoj/bin:/usr/lib64/qt-3.3/bin:/tima/kouamoj/perl5/bin:/usr/local/bin:/usr/bin:/usr/local/sbin:/usr/sbin:/tima/kouamoj/bin:/softslin/hspicevK2015_06_sp2_2/hspice/bin:/softslin/synthesisvJ2014_09_sp2_64b/bin:/softslin/calibre2018_4_34_26/ixl_cal_2018.4_34.26/bin:/softslin/AMS_410_ISR15/programs/bin:/softslin/AMS_410_ISR15/cds/bin:/softslin/hspicevK2015_06_sp2_2/hspice/bin:/softslin/synthesisvJ2014_09_sp2_64b/bin:/softslin/calibre2015_1_38_27/ixl_cal_2015.1_38.27/bin:/softslin/AMS_410_ISR15/programs/bin:/softslin/AMS_410_ISR15/cds/bin:/softslin/questa_core_prime_10_7c/questasim/linux_x86_64:/softslin/leonardo2017a/bin
LD_LIBRARY_PATH:  /softslin/cdsmmsim16_10_673/tools/giganta/lib/64bit:/softslin/cdsmmsim16_10_673/tools/mdl/lib/64bit:/softslin/cdsmmsim16_10_673/tools/mmsim/lib/64bit:/softslin/cdsmmsim16_10_673/tools/tcltk-8.4.20/lib/64bit:/softslin/cdsmmsim16_10_673/tools/inca/lib/64bit:/softslin/cdsmmsim16_10_673/tools/spectre/lib/64bit:/softslin/cdsmmsim16_10_673/tools/dfII/lib/64bit:/softslin/cdsmmsim16_10_673/tools/lib/64bit:/softslin/cdsmmsim16_10_673/tools/lib:/softslin/cdsic618_190/share/oa/lib/linux_rhel60_64/opt:/softslin/cdsic618_190/tools/dfII/lib/64bit:/softslin/cdsic618_190/tools/sev/lib/64bit:/softslin/cdsic618_190/tools/lib/64bit:/softslin/cdsic618_190/tools/lib:/softslin/cdsic618_190/tools/hdf5/lib/64bit:/softslin/cdsic618_190/tools/lz4/lib/64bit:/softslin/cdsic618_190/tools/python/64bit/lib:/softslin/cdsincisiv15_20_035/tools.lnx86/lib/64bit:/softslin/cdsic618_190/tools/Qt/v5/64bit/lib:/softslin/cdsic618_190/tools/lib/64bit/RHEL/RHEL7
/softslin/cdsmmsim16_10_673/tools.lnx86/spectre/ahdlcmi/bin/gnumake -j25 -f GNUmakefile
Cleaning ./obj/optimize/5.0
rm -f -rf ./obj/optimize/5.0
Compiling C file modn_ahdl_func.c (optimize)
Compiling C file modn_ahdl_DcFuncDerLoad.c (optimize)
/softslin/cdsmmsim16_10_673/tools.lnx86/spectre/ahdlcmi/bin/64bit/ahdlcc 0 /softslin/cdsmmsim16_10_673/tools.lnx86/cdsgcc/gcc/4.8/bin/gcc  -march=k8 -ffast-math  -fno-unsafe-math-optimizations -O3 -m64 -DSYSV -DSVR4 -D_REENTRANT -fPIC   -DconfigSPECTRE -I. -I/softslin/cdsmmsim16_10_673/tools.lnx86/spectre/ahdlcmi/include -c modn_ahdl_func.c -o obj/optimize/5.0/modn_ahdl_func.o || rm -f -f obj/optimize/5.0/modn_ahdl_func.o
Compiling C file modn_ahdl_DcFuncLoad.c (optimize)
/softslin/cdsmmsim16_10_673/tools.lnx86/spectre/ahdlcmi/bin/64bit/ahdlcc 0 /softslin/cdsmmsim16_10_673/tools.lnx86/cdsgcc/gcc/4.8/bin/gcc  -march=k8 -ffast-math  -fno-unsafe-math-optimizations -O3 -m64 -DSYSV -DSVR4 -D_REENTRANT -fPIC   -DconfigSPECTRE -I. -I/softslin/cdsmmsim16_10_673/tools.lnx86/spectre/ahdlcmi/include -c modn_ahdl_DcFuncDerLoad.c -o obj/optimize/5.0/modn_ahdl_DcFuncDerLoad.o || rm -f -f obj/optimize/5.0/modn_ahdl_DcFuncDerLoad.o
/softslin/cdsmmsim16_10_673/tools.lnx86/spectre/ahdlcmi/bin/64bit/ahdlcc 0 /softslin/cdsmmsim16_10_673/tools.lnx86/cdsgcc/gcc/4.8/bin/gcc  -march=k8 -ffast-math  -fno-unsafe-math-optimizations -O3 -m64 -DSYSV -DSVR4 -D_REENTRANT -fPIC   -DconfigSPECTRE -I. -I/softslin/cdsmmsim16_10_673/tools.lnx86/spectre/ahdlcmi/include -c modn_ahdl_DcFuncLoad.c -o obj/optimize/5.0/modn_ahdl_DcFuncLoad.o || rm -f -f obj/optimize/5.0/modn_ahdl_DcFuncLoad.o
Compiling C file modn_ahdl_TranFuncDerLoad.c (optimize)
/softslin/cdsmmsim16_10_673/tools.lnx86/spectre/ahdlcmi/bin/64bit/ahdlcc 0 /softslin/cdsmmsim16_10_673/tools.lnx86/cdsgcc/gcc/4.8/bin/gcc  -march=k8 -ffast-math  -fno-unsafe-math-optimizations -O3 -m64 -DSYSV -DSVR4 -D_REENTRANT -fPIC   -DconfigSPECTRE -I. -I/softslin/cdsmmsim16_10_673/tools.lnx86/spectre/ahdlcmi/include -c modn_ahdl_TranFuncDerLoad.c -o obj/optimize/5.0/modn_ahdl_TranFuncDerLoad.o || rm -f -f obj/optimize/5.0/modn_ahdl_TranFuncDerLoad.o
Compiling C file modn_ahdl_TranFuncLoad.c (optimize)
/softslin/cdsmmsim16_10_673/tools.lnx86/spectre/ahdlcmi/bin/64bit/ahdlcc 0 /softslin/cdsmmsim16_10_673/tools.lnx86/cdsgcc/gcc/4.8/bin/gcc  -march=k8 -ffast-math  -fno-unsafe-math-optimizations -O3 -m64 -DSYSV -DSVR4 -D_REENTRANT -fPIC   -DconfigSPECTRE -I. -I/softslin/cdsmmsim16_10_673/tools.lnx86/spectre/ahdlcmi/include -c modn_ahdl_TranFuncLoad.c -o obj/optimize/5.0/modn_ahdl_TranFuncLoad.o || rm -f -f obj/optimize/5.0/modn_ahdl_TranFuncLoad.o
Compiling C file modn_ahdl_cmi_c.c (optimize)
/softslin/cdsmmsim16_10_673/tools.lnx86/spectre/ahdlcmi/bin/64bit/ahdlcc 0 /softslin/cdsmmsim16_10_673/tools.lnx86/cdsgcc/gcc/4.8/bin/gcc  -march=k8 -ffast-math  -fno-unsafe-math-optimizations -O3 -m64 -DSYSV -DSVR4 -D_REENTRANT -fPIC   -DconfigSPECTRE -I. -I/softslin/cdsmmsim16_10_673/tools.lnx86/spectre/ahdlcmi/include -I/softslin/cdsmmsim16_10_673/tools.lnx86/cmi/include -c modn_ahdl_cmi_c.c -o obj/optimize/5.0/modn_ahdl_cmi_c.o || rm -f -f obj/optimize/5.0/modn_ahdl_cmi_c.o
<stdin>: In function 'modn_ahdl_pDC_Load':
<stdin>:1037:966: warning: passing argument 1 of 'aslDevFillZeorDiagonalElemet' makes pointer from integer without a cast [enabled by default]
In file included from <stdin>:24:0:
/softslin/cdsmmsim16_10_673/tools.lnx86/spectre/ahdlcmi/include/ahdlDevLibGlobal.h:2513:37: note: expected 'void *' but argument is of type 'long int'
     ASL_FUNC_DECL_START extern void aslDevFillZeorDiagonalElemet( void *, int, unsigned int, struct ahdlFuncModeParam * );
                                     ^
<stdin>: In function 'modn_ahdl_pCompare':
<stdin>:1091:1782: warning: assignment makes integer from pointer without a cast [enabled by default]
<stdin>:1091:854: warning: passing argument 1 of 'memcpy' makes pointer from integer without a cast [enabled by default]
In file included from /softslin/cdsmmsim16_10_673/tools.lnx86/spectre/ahdlcmi/include/ahdlPiCmi.h:5:0,
                 from /softslin/cdsmmsim16_10_673/tools.lnx86/spectre/ahdlcmi/include/ahdlDevLibGlobal.h:83,
                 from <stdin>:24:
/usr/include/string.h:42:14: note: expected 'void * __restrict__' but argument is of type 'long int'
 extern void *memcpy (void *__restrict __dest, const void *__restrict __src,
              ^
<stdin>:1091:854: warning: passing argument 2 of 'memcpy' makes pointer from integer without a cast [enabled by default]
In file included from /softslin/cdsmmsim16_10_673/tools.lnx86/spectre/ahdlcmi/include/ahdlPiCmi.h:5:0,
                 from /softslin/cdsmmsim16_10_673/tools.lnx86/spectre/ahdlcmi/include/ahdlDevLibGlobal.h:83,
                 from <stdin>:24:
/usr/include/string.h:42:14: note: expected 'const void * __restrict__' but argument is of type 'long int'
 extern void *memcpy (void *__restrict __dest, const void *__restrict __src,
              ^
<stdin>:1091:2029: warning: assignment makes integer from pointer without a cast [enabled by default]
<stdin>: In function 'modn_ahdl_pGetMatrixPointers':
<stdin>:1097:2375: warning: assignment makes integer from pointer without a cast [enabled by default]
<stdin>:1097:2519: warning: assignment makes integer from pointer without a cast [enabled by default]
<stdin>: In function 'modn_ahdl_pAnalTranLoad':
<stdin>:1139:1903: warning: passing argument 1 of 'aslDevFillZeorDiagonalElemet' makes pointer from integer without a cast [enabled by default]
In file included from <stdin>:24:0:
/softslin/cdsmmsim16_10_673/tools.lnx86/spectre/ahdlcmi/include/ahdlDevLibGlobal.h:2513:37: note: expected 'void *' but argument is of type 'long int'
     ASL_FUNC_DECL_START extern void aslDevFillZeorDiagonalElemet( void *, int, unsigned int, struct ahdlFuncModeParam * );
                                     ^
<stdin>:1140:4: warning: passing argument 1 of 'aslDevFillZeroDiagQuartet' makes pointer from integer without a cast [enabled by default]
In file included from <stdin>:24:0:
/softslin/cdsmmsim16_10_673/tools.lnx86/spectre/ahdlcmi/include/ahdlDevLibGlobal.h:2515:37: note: expected 'void *' but argument is of type 'long int'
     ASL_FUNC_DECL_START extern void aslDevFillZeroDiagQuartet( void *, int, unsigned int, struct ahdlFuncModeParam * );
                                     ^
<stdin>: In function 'modn_ahdl_pSaveRestart':
<stdin>:1166:530: warning: passing argument 2 of 'aslDevAvarSR' from incompatible pointer type [enabled by default]
In file included from <stdin>:24:0:
/softslin/cdsmmsim16_10_673/tools.lnx86/spectre/ahdlcmi/include/ahdlDevLibGlobal.h:1213:43: note: expected 'struct ahdlAnalogVar *' but argument is of type 'char *'
     ASL_FUNC_DECL_START extern PklError_e aslDevAvarSR( int, struct ahdlAnalogVar *, char *, char *, char *, PklJar_t * );
                                           ^
<stdin>: In function 'modn_ahdl_pSaveRestartInst':
<stdin>:1169:532: warning: passing argument 2 of 'aslDevAvarSR' from incompatible pointer type [enabled by default]
In file included from <stdin>:24:0:
/softslin/cdsmmsim16_10_673/tools.lnx86/spectre/ahdlcmi/include/ahdlDevLibGlobal.h:1213:43: note: expected 'struct ahdlAnalogVar *' but argument is of type 'char *'
     ASL_FUNC_DECL_START extern PklError_e aslDevAvarSR( int, struct ahdlAnalogVar *, char *, char *, char *, PklJar_t * );
                                           ^
rm -f -rf modn_ahdl_DcFuncLoad.c
rm -f -rf modn_ahdl_DcFuncDerLoad.c
rm -f -rf modn_ahdl_TranFuncLoad.c
rm -f -rf modn_ahdl_TranFuncDerLoad.c
rm -f -rf modn_ahdl_func.c
rm -f -rf modn_ahdl_cmi_c.c
/softslin/cdsmmsim16_10_673/tools.lnx86/cdsgcc/gcc/4.8/bin/gcc -shared -O3 -m64 -fPIC -o obj/optimize/5.0/libahdlcmi_modn_ahdl.so ./obj/optimize/5.0/modn_ahdl_func.o ./obj/optimize/5.0/modn_ahdl_DcFuncDerLoad.o ./obj/optimize/5.0/modn_ahdl_DcFuncLoad.o ./obj/optimize/5.0/modn_ahdl_TranFuncDerLoad.o ./obj/optimize/5.0/modn_ahdl_TranFuncLoad.o ./obj/optimize/5.0/modn_ahdl_cmi_c.o  -Wl,-rpath,/usr/lib -Wl,-rpath,/lib -s 
